// Jest Snapshot v1, https://goo.gl/fbAQLP

exports[`Login UI renders correctly 1`] = `
<div
  className="container sc-gZMcBi dCdvRp"
>
  <form
    className="form-signin"
  >
    <h2
      className="sc-bxivhb kRbHZm"
    >
      Formette
    </h2>
    <h6
      className="sc-bZQynM hpyxrd"
    >
      Welcome back, Come quick! Your forms are waiting for you
    </h6>
    <label
      className="sr-only"
      htmlFor="signinEmail"
    >
      Email address
    </label>
    <input
      autoFocus={true}
      className="form-control sc-bwzfXH kUMhZx"
      id="signinEmail"
      onChange={[Function]}
      placeholder="Email address"
      required={true}
      type="email"
      value=""
    />
    <label
      className="sr-only"
      htmlFor="signinPassword"
    >
      Password
    </label>
    <input
      autoFocus={true}
      className="form-control sc-bwzfXH kUMhZx"
      id="signinPassword"
      onChange={[Function]}
      placeholder="Password"
      required={true}
      type="password"
      value=""
    />
    <button
      className="btn btn-lg btn-primary btn-block sc-bdVaJa hayiWv"
      color="#7950f2"
      onClick={[Function]}
      style={
        Object {
          "marginBottom": 10,
          "marginTop": 10,
        }
      }
      type="button"
    >
      Sign In
    </button>
    <a
      className="sc-htpNat jfadgg"
      onClick={[Function]}
    >
      Do not have an account yet? Omg is free.
       
      <u>
        <strong>
          Create here!
        </strong>
      </u>
    </a>
  </form>
</div>
`;
