// Jest Snapshot v1, https://goo.gl/fbAQLP

exports[`My Forms UI renders correctly 1`] = `
<div
  className="row"
>
  <div
    className="col-md-12 col-sm-12 col"
  >
    <h2
      className="sc-bxivhb kRbHZm"
    >
      My Forms
    </h2>
    <div
      className="card text-center sc-gZMcBi iWAETB"
      onClick={[Function]}
    >
      <div
        className="card-body"
      >
        <i
          className="fa fa-plus sc-gzVnrw hIWOOg"
          style={undefined}
        >
          ‌
        </i>
        <h3
          className="card-title text-truncate sc-ifAKCX bljzpw"
        >
          New Form
        </h3>
        <h6
          className="card-subtitle mb-2  sc-bZQynM dIEjhl"
        >
          Create from scratch
        </h6>
      </div>
    </div>
    <div
      className="card sc-jTzLTM dlGUEl sc-VigVT istVuo"
    >
      <div
        className="card-body"
      >
        <div
          className="animated-background"
        >
          <div
            className="background-masker header-top"
          >
            ‌
          </div>
          <div
            className="background-masker header-left"
          >
            ‌
          </div>
          <div
            className="background-masker header-right"
          >
            ‌
          </div>
          <div
            className="background-masker header-bottom"
          >
            ‌
          </div>
          <div
            className="background-masker subheader-left"
          >
            ‌
          </div>
          <div
            className="background-masker subheader-right"
          >
            ‌
          </div>
          <div
            className="background-masker subheader-bottom"
          >
            ‌
          </div>
          <div
            className="background-masker content-top"
          >
            ‌
          </div>
          <div
            className="background-masker content-first-end"
          >
            ‌
          </div>
          <div
            className="background-masker content-second-line"
          >
            ‌
          </div>
          <div
            className="background-masker content-second-end"
          >
            ‌
          </div>
          <div
            className="background-masker content-third-line"
          >
            ‌
          </div>
          <div
            className="background-masker content-third-end"
          >
            ‌
          </div>
        </div>
      </div>
    </div>
    <div
      className="card sc-jTzLTM dlGUEl sc-VigVT istVuo"
    >
      <div
        className="card-body"
      >
        <div
          className="animated-background"
        >
          <div
            className="background-masker header-top"
          >
            ‌
          </div>
          <div
            className="background-masker header-left"
          >
            ‌
          </div>
          <div
            className="background-masker header-right"
          >
            ‌
          </div>
          <div
            className="background-masker header-bottom"
          >
            ‌
          </div>
          <div
            className="background-masker subheader-left"
          >
            ‌
          </div>
          <div
            className="background-masker subheader-right"
          >
            ‌
          </div>
          <div
            className="background-masker subheader-bottom"
          >
            ‌
          </div>
          <div
            className="background-masker content-top"
          >
            ‌
          </div>
          <div
            className="background-masker content-first-end"
          >
            ‌
          </div>
          <div
            className="background-masker content-second-line"
          >
            ‌
          </div>
          <div
            className="background-masker content-second-end"
          >
            ‌
          </div>
          <div
            className="background-masker content-third-line"
          >
            ‌
          </div>
          <div
            className="background-masker content-third-end"
          >
            ‌
          </div>
        </div>
      </div>
    </div>
    <div
      className="card sc-jTzLTM dlGUEl sc-VigVT istVuo"
    >
      <div
        className="card-body"
      >
        <div
          className="animated-background"
        >
          <div
            className="background-masker header-top"
          >
            ‌
          </div>
          <div
            className="background-masker header-left"
          >
            ‌
          </div>
          <div
            className="background-masker header-right"
          >
            ‌
          </div>
          <div
            className="background-masker header-bottom"
          >
            ‌
          </div>
          <div
            className="background-masker subheader-left"
          >
            ‌
          </div>
          <div
            className="background-masker subheader-right"
          >
            ‌
          </div>
          <div
            className="background-masker subheader-bottom"
          >
            ‌
          </div>
          <div
            className="background-masker content-top"
          >
            ‌
          </div>
          <div
            className="background-masker content-first-end"
          >
            ‌
          </div>
          <div
            className="background-masker content-second-line"
          >
            ‌
          </div>
          <div
            className="background-masker content-second-end"
          >
            ‌
          </div>
          <div
            className="background-masker content-third-line"
          >
            ‌
          </div>
          <div
            className="background-masker content-third-end"
          >
            ‌
          </div>
        </div>
      </div>
    </div>
    <div
      className="card sc-jTzLTM dlGUEl sc-VigVT istVuo"
    >
      <div
        className="card-body"
      >
        <div
          className="animated-background"
        >
          <div
            className="background-masker header-top"
          >
            ‌
          </div>
          <div
            className="background-masker header-left"
          >
            ‌
          </div>
          <div
            className="background-masker header-right"
          >
            ‌
          </div>
          <div
            className="background-masker header-bottom"
          >
            ‌
          </div>
          <div
            className="background-masker subheader-left"
          >
            ‌
          </div>
          <div
            className="background-masker subheader-right"
          >
            ‌
          </div>
          <div
            className="background-masker subheader-bottom"
          >
            ‌
          </div>
          <div
            className="background-masker content-top"
          >
            ‌
          </div>
          <div
            className="background-masker content-first-end"
          >
            ‌
          </div>
          <div
            className="background-masker content-second-line"
          >
            ‌
          </div>
          <div
            className="background-masker content-second-end"
          >
            ‌
          </div>
          <div
            className="background-masker content-third-line"
          >
            ‌
          </div>
          <div
            className="background-masker content-third-end"
          >
            ‌
          </div>
        </div>
      </div>
    </div>
    <div
      className="card sc-jTzLTM dlGUEl sc-VigVT istVuo"
    >
      <div
        className="card-body"
      >
        <div
          className="animated-background"
        >
          <div
            className="background-masker header-top"
          >
            ‌
          </div>
          <div
            className="background-masker header-left"
          >
            ‌
          </div>
          <div
            className="background-masker header-right"
          >
            ‌
          </div>
          <div
            className="background-masker header-bottom"
          >
            ‌
          </div>
          <div
            className="background-masker subheader-left"
          >
            ‌
          </div>
          <div
            className="background-masker subheader-right"
          >
            ‌
          </div>
          <div
            className="background-masker subheader-bottom"
          >
            ‌
          </div>
          <div
            className="background-masker content-top"
          >
            ‌
          </div>
          <div
            className="background-masker content-first-end"
          >
            ‌
          </div>
          <div
            className="background-masker content-second-line"
          >
            ‌
          </div>
          <div
            className="background-masker content-second-end"
          >
            ‌
          </div>
          <div
            className="background-masker content-third-line"
          >
            ‌
          </div>
          <div
            className="background-masker content-third-end"
          >
            ‌
          </div>
        </div>
      </div>
    </div>
    <div
      className="card sc-jTzLTM dlGUEl sc-VigVT istVuo"
    >
      <div
        className="card-body"
      >
        <div
          className="animated-background"
        >
          <div
            className="background-masker header-top"
          >
            ‌
          </div>
          <div
            className="background-masker header-left"
          >
            ‌
          </div>
          <div
            className="background-masker header-right"
          >
            ‌
          </div>
          <div
            className="background-masker header-bottom"
          >
            ‌
          </div>
          <div
            className="background-masker subheader-left"
          >
            ‌
          </div>
          <div
            className="background-masker subheader-right"
          >
            ‌
          </div>
          <div
            className="background-masker subheader-bottom"
          >
            ‌
          </div>
          <div
            className="background-masker content-top"
          >
            ‌
          </div>
          <div
            className="background-masker content-first-end"
          >
            ‌
          </div>
          <div
            className="background-masker content-second-line"
          >
            ‌
          </div>
          <div
            className="background-masker content-second-end"
          >
            ‌
          </div>
          <div
            className="background-masker content-third-line"
          >
            ‌
          </div>
          <div
            className="background-masker content-third-end"
          >
            ‌
          </div>
        </div>
      </div>
    </div>
    <div
      className="card sc-jTzLTM dlGUEl sc-VigVT istVuo"
    >
      <div
        className="card-body"
      >
        <div
          className="animated-background"
        >
          <div
            className="background-masker header-top"
          >
            ‌
          </div>
          <div
            className="background-masker header-left"
          >
            ‌
          </div>
          <div
            className="background-masker header-right"
          >
            ‌
          </div>
          <div
            className="background-masker header-bottom"
          >
            ‌
          </div>
          <div
            className="background-masker subheader-left"
          >
            ‌
          </div>
          <div
            className="background-masker subheader-right"
          >
            ‌
          </div>
          <div
            className="background-masker subheader-bottom"
          >
            ‌
          </div>
          <div
            className="background-masker content-top"
          >
            ‌
          </div>
          <div
            className="background-masker content-first-end"
          >
            ‌
          </div>
          <div
            className="background-masker content-second-line"
          >
            ‌
          </div>
          <div
            className="background-masker content-second-end"
          >
            ‌
          </div>
          <div
            className="background-masker content-third-line"
          >
            ‌
          </div>
          <div
            className="background-masker content-third-end"
          >
            ‌
          </div>
        </div>
      </div>
    </div>
  </div>
</div>
`;
